// Jest Snapshot v1, https://goo.gl/fbAQLP

exports[`<SongList /> function props should setState when add to songlist button is clicked 1`] = `
<div
  className="song-list"
>
  <Connect(AddSongPopup)
    onClosing={[Function]}
    songID={0}
  />
  <table>
    <thead>
      <tr>
        <td>
          id
        </td>
        <td>
          Title
        </td>
        <td>
          Artist
        </td>
        <td>
          Duration
        </td>
        <td>
          Add
        </td>
      </tr>
    </thead>
    <tbody>
      <tr
        className="song"
        key="0"
      >
        <td>
          0
        </td>
        <td>
          abc1
        </td>
        <td>
          Jack
        </td>
        <td>
          1:28
        </td>
        <td
          className="add"
          onClick={[Function]}
        >
          +
        </td>
      </tr>
      <tr
        className="song"
        key="1"
      >
        <td>
          1
        </td>
        <td>
          abc2
        </td>
        <td>
          Tyler
        </td>
        <td>
          1:23
        </td>
        <td
          className="add"
          onClick={[Function]}
        >
          +
        </td>
      </tr>
      <tr
        className="song"
        key="2"
      >
        <td>
          2
        </td>
        <td>
          abc3
        </td>
        <td>
          Tyler
        </td>
        <td>
          2:33
        </td>
        <td
          className="add"
          onClick={[Function]}
        >
          +
        </td>
      </tr>
      <tr
        className="song"
        key="3"
      >
        <td>
          3
        </td>
        <td>
          abc4
        </td>
        <td>
          Randy
        </td>
        <td>
          5:41
        </td>
        <td
          className="add"
          onClick={[Function]}
        >
          +
        </td>
      </tr>
      <tr
        className="song"
        key="4"
      >
        <td>
          4
        </td>
        <td>
          abc5
        </td>
        <td>
          Tyler
        </td>
        <td>
          1:34
        </td>
        <td
          className="add"
          onClick={[Function]}
        >
          +
        </td>
      </tr>
      <tr
        className="song"
        key="5"
      >
        <td>
          5
        </td>
        <td>
          abc6
        </td>
        <td>
          Jack
        </td>
        <td>
          4:13
        </td>
        <td
          className="add"
          onClick={[Function]}
        >
          +
        </td>
      </tr>
      <tr
        className="song"
        key="6"
      >
        <td>
          6
        </td>
        <td>
          abc7
        </td>
        <td>
          Jack
        </td>
        <td>
          3:25
        </td>
        <td
          className="add"
          onClick={[Function]}
        >
          +
        </td>
      </tr>
      <tr
        className="song"
        key="7"
      >
        <td>
          7
        </td>
        <td>
          abc8
        </td>
        <td>
          Randy
        </td>
        <td>
          2:53
        </td>
        <td
          className="add"
          onClick={[Function]}
        >
          +
        </td>
      </tr>
      <tr
        className="song"
        key="8"
      >
        <td>
          8
        </td>
        <td>
          abc9
        </td>
        <td>
          Jack
        </td>
        <td>
          2:27
        </td>
        <td
          className="add"
          onClick={[Function]}
        >
          +
        </td>
      </tr>
      <tr
        className="song"
        key="9"
      >
        <td>
          9
        </td>
        <td>
          abc10
        </td>
        <td>
          Randy
        </td>
        <td>
          4:23
        </td>
        <td
          className="add"
          onClick={[Function]}
        >
          +
        </td>
      </tr>
      <tr
        className="song"
        key="10"
      >
        <td>
          10
        </td>
        <td>
          abc11
        </td>
        <td>
          Tyler
        </td>
        <td>
          3:33
        </td>
        <td
          className="add"
          onClick={[Function]}
        >
          +
        </td>
      </tr>
    </tbody>
  </table>
</div>
`;

exports[`<SongList /> render render songList songs is undefined should match snapshot 1`] = `
<div
  className="song-list"
>
  <span>
    no songs yet
  </span>
</div>
`;

exports[`<SongList /> render render songList songs length = 0 should match snapshot 1`] = `
<div
  className="song-list"
>
  <span>
    no songs yet
  </span>
</div>
`;
